{
    "typoScriptKey": "velit-sit-suscipit-ea-voluptas",
    "subject": "***",
    "message": "***",
    "mailFrom": "***",
    "mailTo": "***",
    "mailCopy": "harvey.lindsey@swaniawski.org",
    "mailBlindCopy": "***",
    "headers": "***",
    "result": "***",
    "sysLanguageUid": 0,
    "uid": 1,
    "pid": 1
}
