{
    "typoScriptKey": "in-error-consequatur-quaerat-debitis-tempore-consequatur-et-dolore-inventore",
    "subject": "***",
    "message": "***",
    "mailFrom": "***",
    "mailTo": "***",
    "mailCopy": "emcglynn@stark.com",
    "mailBlindCopy": "***",
    "headers": "Tempora eos sint harum minus.",
    "result": "***",
    "sysLanguageUid": 0,
    "uid": 1,
    "pid": 1
}
