{
    "typoScriptKey": "quae-eum-rerum-alias-ipsam-cupiditate",
    "subject": "***",
    "message": "***",
    "mailFrom": "***",
    "mailTo": "***",
    "mailCopy": "konopelski.shaylee@dubuque.com",
    "mailBlindCopy": "***",
    "headers": "Quia modi et quo quis.",
    "result": "***",
    "sysLanguageUid": 0,
    "uid": 1,
    "pid": 1
}
