{
    "lifetime": "30 days",
    "anonymize": true,
    "anonymizeAfter": "7 days",
    "anonymizeSymbol": "***"
}
