{
    "typoScriptKey": "quae-eum-rerum-alias-ipsam-cupiditate",
    "subject": "King said gravely, 'and go on.",
    "message": "Alice. 'You must be,' said the King, who had been running half an hour or so there were any tears. No, there were TWO little shrieks, and more.",
    "mailFrom": "concepcion.littel@hotmail.com",
    "mailTo": "patricia.stamm@gmail.com",
    "mailCopy": "konopelski.shaylee@dubuque.com",
    "mailBlindCopy": "gertrude29@padberg.com",
    "headers": "Quia modi et quo quis.",
    "result": "Not send until now",
    "sysLanguageUid": 0,
    "uid": 1,
    "pid": 1
}
