{
    "typoScriptKey": "assumenda-voluptatem-non-iusto-fuga-eos-accusantium-id-possimus-hic-maiores",
    "subject": "***",
    "message": "***",
    "mailFrom": "***",
    "mailTo": "***",
    "mailCopy": "carmine08@mclaughlin.biz",
    "mailBlindCopy": "***",
    "headers": "Eum qui fugit numquam consequatur.",
    "result": "***",
    "sysLanguageUid": 0,
    "uid": 1,
    "pid": 1
}
