{
    "lifetime": "",
    "anonymize": true,
    "anonymizeAfter": "0",
    "anonymizeSymbol": "***"
}
