{
    "typoScriptKey": "qui-ut-ipsum-minus-qui-alias-quis-enim-et",
    "subject": "***",
    "message": "***",
    "mailFrom": "***",
    "mailTo": "***",
    "mailCopy": "ghermiston@gmail.com",
    "mailBlindCopy": "***",
    "headers": "Ipsa harum eius officia.",
    "result": "***",
    "sysLanguageUid": 0,
    "uid": 1,
    "pid": 1
}
