{
    "typoScriptKey": "velit-sit-suscipit-ea-voluptas",
    "subject": "I don't keep the same tone, exactly.",
    "message": "Knave 'Turn them over!' The Knave of Hearts, who only bowed and smiled in reply. 'That's right!' shouted the Queen. 'It proves nothing of the March.",
    "mailFrom": "aufderhar.jasen@yahoo.com",
    "mailTo": "davis.joshua@gmail.com",
    "mailCopy": "harvey.lindsey@swaniawski.org",
    "mailBlindCopy": "auer.ralph@gleichner.biz",
    "headers": "Alias maxime error vel.",
    "result": "Not send until now",
    "sysLanguageUid": 0,
    "uid": 1,
    "pid": 1
}
