{
    "typoScriptKey": "in-error-consequatur-quaerat-debitis-tempore-consequatur-et-dolore-inventore",
    "subject": "Queen. 'Well, I never was so ordered about.",
    "message": "Alice began to repeat.",
    "mailFrom": "kaela.hilpert@watsica.com",
    "mailTo": "gleason.deborah@yahoo.com",
    "mailCopy": "emcglynn@stark.com",
    "mailBlindCopy": "dallas.kshlerin@wisoky.net",
    "headers": "Tempora eos sint harum minus.",
    "result": "Not send until now",
    "sysLanguageUid": 0,
    "uid": 1,
    "pid": 1
}
