{
    "typoScriptKey": "qui-ut-ipsum-minus-qui-alias-quis-enim-et",
    "subject": "Soup! Beau--ootiful Soo--oop! Soo--oop of the.",
    "message": "Alice had been to her, one on each side to guard him; and near the looking-glass. There was a large dish of tarts upon it: they looked so good, that it was as much use in the last few.",
    "mailFrom": "bridie50@ernser.com",
    "mailTo": "jdickinson@mclaughlin.com",
    "mailCopy": "ghermiston@gmail.com",
    "mailBlindCopy": "watsica.liana@gmail.com",
    "headers": "Ipsa harum eius officia.",
    "result": "Not send until now",
    "sysLanguageUid": 0,
    "uid": 1,
    "pid": 1
}
