{
    "lifetime": "1 min",
    "anonymize": false,
    "anonymizeAfter": "0",
    "anonymizeSymbol": "***"
}
